ERROR FATAL: Cannot read properties of undefined (reading 'substring')