API Key: AIzaSyCPRa...QrRs4

Probando modelos de Gemini (incluyendo formatos alternativos)...

Probando: models/gemini-1.5-flash...
  X ERROR - models/gemini-1.5-flash fallo
  Mensaje: [GoogleGenerativeAI Error]: Error fetching from https://generativelanguage.googleapis.com/v1beta/mod...
  Status: 404

Probando: models/gemini-1.5-pro...
  X ERROR - models/gemini-1.5-pro fallo
  Mensaje: [GoogleGenerativeAI Error]: Error fetching from https://generativelanguage.googleapis.com/v1beta/mod...
  Status: 404

Probando: models/gemini-pro...
  X ERROR - models/gemini-pro fallo
  Mensaje: [GoogleGenerativeAI Error]: Error fetching from https://generativelanguage.googleapis.com/v1beta/mod...
  Status: 404

Probando: gemini-1.5-flash...
  X ERROR - gemini-1.5-flash fallo
  Mensaje: [GoogleGenerativeAI Error]: Error fetching from https://generativelanguage.googleapis.com/v1beta/mod...
  Status: 404

Probando: gemini-1.5-pro...
  X ERROR - gemini-1.5-pro fallo
  Mensaje: [GoogleGenerativeAI Error]: Error fetching from https://generativelanguage.googleapis.com/v1beta/mod...
  Status: 404

Probando: gemini-pro...
  X ERROR - gemini-pro fallo
  Mensaje: [GoogleGenerativeAI Error]: Error fetching from https://generativelanguage.googleapis.com/v1beta/mod...
  Status: 404

Probando: gemini-1.5-flash-latest...
  X ERROR - gemini-1.5-flash-latest fallo
  Mensaje: [GoogleGenerativeAI Error]: Error fetching from https://generativelanguage.googleapis.com/v1beta/mod...
  Status: 404

Probando: gemini-1.5-pro-latest...
  X ERROR - gemini-1.5-pro-latest fallo
  Mensaje: [GoogleGenerativeAI Error]: Error fetching from https://generativelanguage.googleapis.com/v1beta/mod...
  Status: 404

Probando: gemini-2.0-flash-exp...
  X ERROR - gemini-2.0-flash-exp fallo
  Mensaje: [GoogleGenerativeAI Error]: Error fetching from https://generativelanguage.googleapis.com/v1beta/mod...
  Status: 404

Probando: gemini-exp-1206...
  X ERROR - gemini-exp-1206 fallo
  Mensaje: [GoogleGenerativeAI Error]: Error fetching from https://generativelanguage.googleapis.com/v1beta/mod...
  Status: 429

Probando: gemini-1.5-flash-001...
  X ERROR - gemini-1.5-flash-001 fallo
  Mensaje: [GoogleGenerativeAI Error]: Error fetching from https://generativelanguage.googleapis.com/v1beta/mod...
  Status: 404

Probando: gemini-1.5-flash-002...
  X ERROR - gemini-1.5-flash-002 fallo
  Mensaje: [GoogleGenerativeAI Error]: Error fetching from https://generativelanguage.googleapis.com/v1beta/mod...
  Status: 404

============================================================

*** NINGUN MODELO FUNCIONO ***

POSIBLES CAUSAS:
1. La API key no tiene acceso a la API de Gemini
2. Necesitas habilitar la API en Google Cloud Console
3. La API key fue generada en un proyecto sin acceso a Gemini

SOLUCION:
1. Ve a: https://console.cloud.google.com/
2. Selecciona tu proyecto
3. Habilita "Generative Language API"
4. O genera la API key desde: https://aistudio.google.com/app/apikey

============================================================